Archive member included to satisfy reference by file (symbol)

c:/ac6/systemworkbench/plugins/fr.ac6.mcu.externaltools.arm-none.win32_1.7.0.201602121829/tools/compiler/bin/../lib/gcc/arm-none-eabi/5.2.1/../../../../arm-none-eabi/lib/armv7e-m/fpu\libc_nano.a(lib_a-exit.o)
                              c:/ac6/systemworkbench/plugins/fr.ac6.mcu.externaltools.arm-none.win32_1.7.0.201602121829/tools/compiler/bin/../lib/gcc/arm-none-eabi/5.2.1/../../../../arm-none-eabi/lib/armv7e-m/fpu/crt0.o (exit)
c:/ac6/systemworkbench/plugins/fr.ac6.mcu.externaltools.arm-none.win32_1.7.0.201602121829/tools/compiler/bin/../lib/gcc/arm-none-eabi/5.2.1/../../../../arm-none-eabi/lib/armv7e-m/fpu\libc_nano.a(lib_a-impure.o)
                              c:/ac6/systemworkbench/plugins/fr.ac6.mcu.externaltools.arm-none.win32_1.7.0.201602121829/tools/compiler/bin/../lib/gcc/arm-none-eabi/5.2.1/../../../../arm-none-eabi/lib/armv7e-m/fpu\libc_nano.a(lib_a-exit.o) (_global_impure_ptr)
c:/ac6/systemworkbench/plugins/fr.ac6.mcu.externaltools.arm-none.win32_1.7.0.201602121829/tools/compiler/bin/../lib/gcc/arm-none-eabi/5.2.1/../../../../arm-none-eabi/lib/armv7e-m/fpu\libc_nano.a(lib_a-init.o)
                              c:/ac6/systemworkbench/plugins/fr.ac6.mcu.externaltools.arm-none.win32_1.7.0.201602121829/tools/compiler/bin/../lib/gcc/arm-none-eabi/5.2.1/../../../../arm-none-eabi/lib/armv7e-m/fpu/crt0.o (__libc_init_array)
c:/ac6/systemworkbench/plugins/fr.ac6.mcu.externaltools.arm-none.win32_1.7.0.201602121829/tools/compiler/bin/../lib/gcc/arm-none-eabi/5.2.1/../../../../arm-none-eabi/lib/armv7e-m/fpu\libc_nano.a(lib_a-memset.o)
                              c:/ac6/systemworkbench/plugins/fr.ac6.mcu.externaltools.arm-none.win32_1.7.0.201602121829/tools/compiler/bin/../lib/gcc/arm-none-eabi/5.2.1/../../../../arm-none-eabi/lib/armv7e-m/fpu/crt0.o (memset)
c:/ac6/systemworkbench/plugins/fr.ac6.mcu.externaltools.arm-none.win32_1.7.0.201602121829/tools/compiler/bin/../lib/gcc/arm-none-eabi/5.2.1/../../../../arm-none-eabi/lib/armv7e-m/fpu\libnosys.a(_exit.o)
                              c:/ac6/systemworkbench/plugins/fr.ac6.mcu.externaltools.arm-none.win32_1.7.0.201602121829/tools/compiler/bin/../lib/gcc/arm-none-eabi/5.2.1/../../../../arm-none-eabi/lib/armv7e-m/fpu\libc_nano.a(lib_a-exit.o) (_exit)

Allocating common symbols
Common symbol       size              file

uwTick              0x4               Drivers/STM32F4xx_HAL_Driver/stm32f4xx_hal.o
pFlash              0x20              Drivers/STM32F4xx_HAL_Driver/stm32f4xx_hal_flash.o

Discarded input sections

 .text          0x00000000        0x0 c:/ac6/systemworkbench/plugins/fr.ac6.mcu.externaltools.arm-none.win32_1.7.0.201602121829/tools/compiler/bin/../lib/gcc/arm-none-eabi/5.2.1/armv7e-m/fpu/crti.o
 .data          0x00000000        0x0 c:/ac6/systemworkbench/plugins/fr.ac6.mcu.externaltools.arm-none.win32_1.7.0.201602121829/tools/compiler/bin/../lib/gcc/arm-none-eabi/5.2.1/armv7e-m/fpu/crti.o
 .bss           0x00000000        0x0 c:/ac6/systemworkbench/plugins/fr.ac6.mcu.externaltools.arm-none.win32_1.7.0.201602121829/tools/compiler/bin/../lib/gcc/arm-none-eabi/5.2.1/armv7e-m/fpu/crti.o
 .data          0x00000000        0x4 c:/ac6/systemworkbench/plugins/fr.ac6.mcu.externaltools.arm-none.win32_1.7.0.201602121829/tools/compiler/bin/../lib/gcc/arm-none-eabi/5.2.1/armv7e-m/fpu/crtbegin.o
 .text          0x00000000       0x74 c:/ac6/systemworkbench/plugins/fr.ac6.mcu.externaltools.arm-none.win32_1.7.0.201602121829/tools/compiler/bin/../lib/gcc/arm-none-eabi/5.2.1/../../../../arm-none-eabi/lib/armv7e-m/fpu/crt0.o
 .data          0x00000000        0x0 c:/ac6/systemworkbench/plugins/fr.ac6.mcu.externaltools.arm-none.win32_1.7.0.201602121829/tools/compiler/bin/../lib/gcc/arm-none-eabi/5.2.1/../../../../arm-none-eabi/lib/armv7e-m/fpu/crt0.o
 .bss           0x00000000        0x0 c:/ac6/systemworkbench/plugins/fr.ac6.mcu.externaltools.arm-none.win32_1.7.0.201602121829/tools/compiler/bin/../lib/gcc/arm-none-eabi/5.2.1/../../../../arm-none-eabi/lib/armv7e-m/fpu/crt0.o
 .ARM.extab     0x00000000        0x0 c:/ac6/systemworkbench/plugins/fr.ac6.mcu.externaltools.arm-none.win32_1.7.0.201602121829/tools/compiler/bin/../lib/gcc/arm-none-eabi/5.2.1/../../../../arm-none-eabi/lib/armv7e-m/fpu/crt0.o
 .ARM.exidx     0x00000000        0x8 c:/ac6/systemworkbench/plugins/fr.ac6.mcu.externaltools.arm-none.win32_1.7.0.201602121829/tools/compiler/bin/../lib/gcc/arm-none-eabi/5.2.1/../../../../arm-none-eabi/lib/armv7e-m/fpu/crt0.o
 .ARM.attributes
                0x00000000       0x20 c:/ac6/systemworkbench/plugins/fr.ac6.mcu.externaltools.arm-none.win32_1.7.0.201602121829/tools/compiler/bin/../lib/gcc/arm-none-eabi/5.2.1/../../../../arm-none-eabi/lib/armv7e-m/fpu/crt0.o
 .text          0x00000000       0x14 Application/SW4STM32/startup_stm32f429xx.o
 .data          0x00000000        0x0 Application/SW4STM32/startup_stm32f429xx.o
[...]
Memory Configuration

Name             Origin             Length             Attributes
RAM              0x20000000         0x00030000         xrw
CCMRAM           0x10000000         0x00010000         rw
FLASH            0x08000000         0x00200000         xr
*default*        0x00000000         0xffffffff

Linker script and memory map

LOAD c:/ac6/systemworkbench/plugins/fr.ac6.mcu.externaltools.arm-none.win32_1.7.0.201602121829/tools/compiler/bin/../lib/gcc/arm-none-eabi/5.2.1/armv7e-m/fpu/crti.o
LOAD c:/ac6/systemworkbench/plugins/fr.ac6.mcu.externaltools.arm-none.win32_1.7.0.201602121829/tools/compiler/bin/../lib/gcc/arm-none-eabi/5.2.1/armv7e-m/fpu/crtbegin.o
LOAD c:/ac6/systemworkbench/plugins/fr.ac6.mcu.externaltools.arm-none.win32_1.7.0.201602121829/tools/compiler/bin/../lib/gcc/arm-none-eabi/5.2.1/../../../../arm-none-eabi/lib/armv7e-m/fpu/crt0.o
LOAD c:/ac6/systemworkbench/plugins/fr.ac6.mcu.externaltools.arm-none.win32_1.7.0.201602121829/tools/compiler/bin/../lib/gcc/arm-none-eabi/5.2.1/../../../../arm-none-eabi/lib/armv7e-m/fpu\libm.a
LOAD Application/SW4STM32/startup_stm32f429xx.o
LOAD Drivers/STM32F4xx_HAL_Driver/stm32f4xx_hal.o
LOAD Drivers/STM32F4xx_HAL_Driver/stm32f4xx_hal_cortex.o
LOAD Drivers/STM32F4xx_HAL_Driver/stm32f4xx_hal_dma.o
LOAD Drivers/STM32F4xx_HAL_Driver/stm32f4xx_hal_dma_ex.o
LOAD Drivers/STM32F4xx_HAL_Driver/stm32f4xx_hal_flash.o
LOAD Drivers/STM32F4xx_HAL_Driver/stm32f4xx_hal_flash_ex.o
LOAD Drivers/STM32F4xx_HAL_Driver/stm32f4xx_hal_flash_ramfunc.o
LOAD Drivers/STM32F4xx_HAL_Driver/stm32f4xx_hal_gpio.o
LOAD Drivers/STM32F4xx_HAL_Driver/stm32f4xx_hal_pwr.o
LOAD Drivers/STM32F4xx_HAL_Driver/stm32f4xx_hal_pwr_ex.o
LOAD Drivers/STM32F4xx_HAL_Driver/stm32f4xx_hal_rcc.o
LOAD Drivers/STM32F4xx_HAL_Driver/stm32f4xx_hal_rcc_ex.o
LOAD Drivers/STM32F4xx_HAL_Driver/stm32f4xx_hal_tim.o
LOAD Drivers/STM32F4xx_HAL_Driver/stm32f4xx_hal_tim_ex.o
LOAD Src/gpio.o
LOAD Src/main.o
LOAD Src/stm32f4xx_hal_msp.o
LOAD Src/stm32f4xx_it.o
LOAD Src/system_stm32f4xx.o
START GROUP
LOAD c:/ac6/systemworkbench/plugins/fr.ac6.mcu.externaltools.arm-none.win32_1.7.0.201602121829/tools/compiler/bin/../lib/gcc/arm-none-eabi/5.2.1/armv7e-m/fpu\libgcc.a
LOAD c:/ac6/systemworkbench/plugins/fr.ac6.mcu.externaltools.arm-none.win32_1.7.0.201602121829/tools/compiler/bin/../lib/gcc/arm-none-eabi/5.2.1/../../../../arm-none-eabi/lib/armv7e-m/fpu\libc_nano.a
END GROUP
START GROUP
LOAD c:/ac6/systemworkbench/plugins/fr.ac6.mcu.externaltools.arm-none.win32_1.7.0.201602121829/tools/compiler/bin/../lib/gcc/arm-none-eabi/5.2.1/armv7e-m/fpu\libgcc.a
LOAD c:/ac6/systemworkbench/plugins/fr.ac6.mcu.externaltools.arm-none.win32_1.7.0.201602121829/tools/compiler/bin/../lib/gcc/arm-none-eabi/5.2.1/../../../../arm-none-eabi/lib/armv7e-m/fpu\libc_nano.a
LOAD c:/ac6/systemworkbench/plugins/fr.ac6.mcu.externaltools.arm-none.win32_1.7.0.201602121829/tools/compiler/bin/../lib/gcc/arm-none-eabi/5.2.1/../../../../arm-none-eabi/lib/armv7e-m/fpu\libnosys.a
END GROUP
START GROUP
LOAD c:/ac6/systemworkbench/plugins/fr.ac6.mcu.externaltools.arm-none.win32_1.7.0.201602121829/tools/compiler/bin/../lib/gcc/arm-none-eabi/5.2.1/armv7e-m/fpu\libgcc.a
LOAD c:/ac6/systemworkbench/plugins/fr.ac6.mcu.externaltools.arm-none.win32_1.7.0.201602121829/tools/compiler/bin/../lib/gcc/arm-none-eabi/5.2.1/../../../../arm-none-eabi/lib/armv7e-m/fpu\libc_nano.a
LOAD c:/ac6/systemworkbench/plugins/fr.ac6.mcu.externaltools.arm-none.win32_1.7.0.201602121829/tools/compiler/bin/../lib/gcc/arm-none-eabi/5.2.1/../../../../arm-none-eabi/lib/armv7e-m/fpu\libnosys.a
END GROUP
LOAD c:/ac6/systemworkbench/plugins/fr.ac6.mcu.externaltools.arm-none.win32_1.7.0.201602121829/tools/compiler/bin/../lib/gcc/arm-none-eabi/5.2.1/armv7e-m/fpu/crtend.o
LOAD c:/ac6/systemworkbench/plugins/fr.ac6.mcu.externaltools.arm-none.win32_1.7.0.201602121829/tools/compiler/bin/../lib/gcc/arm-none-eabi/5.2.1/armv7e-m/fpu/crtn.o
                0x20030000                _estack = 0x20030000
                0x00000200                _Min_Heap_Size = 0x200
                0x00000400                _Min_Stack_Size = 0x400

.isr_vector     0x08000000      0x1ac
                0x08000000                . = ALIGN (0x4)
 *(.isr_vector)
 .isr_vector    0x08000000      0x1ac Application/SW4STM32/startup_stm32f429xx.o
                0x08000000                g_pfnVectors
                0x080001ac                . = ALIGN (0x4)

.text           0x080001ac      0xf84
                0x080001ac                . = ALIGN (0x4)
 *(.text)
 .text          0x080001ac       0xa4 c:/ac6/systemworkbench/plugins/fr.ac6.mcu.externaltools.arm-none.win32_1.7.0.201602121829/tools/compiler/bin/../lib/gcc/arm-none-eabi/5.2.1/armv7e-m/fpu/crtbegin.o
 *(.text*)
 .text.Reset_Handler
                0x08000250       0x50 Application/SW4STM32/startup_stm32f429xx.o
                0x08000250                Reset_Handler
 .text.Default_Handler
                0x080002a0        0x2 Application/SW4STM32/startup_stm32f429xx.o
                0x080002a0                RTC_Alarm_IRQHandler
                0x080002a0                HASH_RNG_IRQHandler
                0x080002a0                EXTI2_IRQHandler
                0x080002a0                TIM8_CC_IRQHandler
                0x080002a0                DebugMon_Handler
                0x080002a0                UART8_IRQHandler
                0x080002a0                SPI4_IRQHandler
                0x080002a0                TIM1_CC_IRQHandler
                0x080002a0                DMA2_Stream5_IRQHandler
                0x080002a0                HardFault_Handler
                0x080002a0                DMA1_Stream5_IRQHandler
                0x080002a0                PVD_IRQHandler
                0x080002a0                SDIO_IRQHandler
                0x080002a0                TAMP_STAMP_IRQHandler
                0x080002a0                PendSV_Handler
                0x080002a0                NMI_Handler
                0x080002a0                CAN2_RX1_IRQHandler
                0x080002a0                EXTI3_IRQHandler
                0x080002a0                TIM8_TRG_COM_TIM14_IRQHandler
                0x080002a0                TIM1_UP_TIM10_IRQHandler
                0x080002a0                TIM8_UP_TIM13_IRQHandler
                0x080002a0                I2C3_ER_IRQHandler
                0x080002a0                EXTI0_IRQHandler
                0x080002a0                I2C2_EV_IRQHandler
                0x080002a0                DMA1_Stream2_IRQHandler
                0x080002a0                CAN1_RX0_IRQHandler
                0x080002a0                FPU_IRQHandler
                0x080002a0                OTG_HS_WKUP_IRQHandler
                0x080002a0                UsageFault_Handler
                0x080002a0                LTDC_ER_IRQHandler
                0x080002a0                CAN2_SCE_IRQHandler
                0x080002a0                DMA2_Stream2_IRQHandler
                0x080002a0                SPI1_IRQHandler
                0x080002a0                TIM6_DAC_IRQHandler
                0x080002a0                TIM1_BRK_TIM9_IRQHandler
                0x080002a0                DCMI_IRQHandler
                0x080002a0                CAN2_RX0_IRQHandler
                0x080002a0                DMA2_Stream3_IRQHandler
                0x080002a0                USART6_IRQHandler
                0x080002a0                USART3_IRQHandler
                0x080002a0                CAN1_RX1_IRQHandler
                0x080002a0                UART5_IRQHandler
                0x080002a0                DMA2_Stream0_IRQHandler
                0x080002a0                TIM4_IRQHandler
                0x080002a0                I2C1_EV_IRQHandler
                0x080002a0                DMA1_Stream6_IRQHandler
                0x080002a0                DMA1_Stream1_IRQHandler
                0x080002a0                UART4_IRQHandler
                0x080002a0                TIM3_IRQHandler
                0x080002a0                RCC_IRQHandler
                0x080002a0                TIM8_BRK_TIM12_IRQHandler
                0x080002a0                Default_Handler
                0x080002a0                EXTI15_10_IRQHandler
                0x080002a0                ADC_IRQHandler
                0x080002a0                DMA1_Stream7_IRQHandler
                0x080002a0                SPI5_IRQHandler
                0x080002a0                TIM7_IRQHandler
                0x080002a0                CAN2_TX_IRQHandler
                0x080002a0                TIM5_IRQHandler
                0x080002a0                DMA2_Stream7_IRQHandler
                0x080002a0                I2C3_EV_IRQHandler
                0x080002a0                EXTI9_5_IRQHandler
                0x080002a0                RTC_WKUP_IRQHandler
                0x080002a0                LTDC_IRQHandler
                0x080002a0                ETH_WKUP_IRQHandler
                0x080002a0                SPI2_IRQHandler
                0x080002a0                OTG_HS_EP1_IN_IRQHandler
                0x080002a0                MemManage_Handler
                0x080002a0                DMA1_Stream0_IRQHandler
                0x080002a0                CAN1_TX_IRQHandler
                0x080002a0                SVC_Handler
                0x080002a0                EXTI4_IRQHandler
                0x080002a0                ETH_IRQHandler
                0x080002a0                OTG_HS_EP1_OUT_IRQHandler
                0x080002a0                WWDG_IRQHandler
                0x080002a0                SPI6_IRQHandler
                0x080002a0                TIM2_IRQHandler
                0x080002a0                OTG_FS_WKUP_IRQHandler
                0x080002a0                TIM1_TRG_COM_TIM11_IRQHandler
                0x080002a0                OTG_HS_IRQHandler
                0x080002a0                DMA2D_IRQHandler
                0x080002a0                EXTI1_IRQHandler
                0x080002a0                UART7_IRQHandler
                0x080002a0                USART2_IRQHandler
                0x080002a0                I2C2_ER_IRQHandler
                0x080002a0                DMA2_Stream1_IRQHandler
                0x080002a0                CAN1_SCE_IRQHandler
                0x080002a0                FLASH_IRQHandler
                0x080002a0                DMA2_Stream4_IRQHandler
                0x080002a0                BusFault_Handler
                0x080002a0                USART1_IRQHandler
                0x080002a0                OTG_FS_IRQHandler
                0x080002a0                SPI3_IRQHandler
                0x080002a0                DMA1_Stream4_IRQHandler
                0x080002a0                I2C1_ER_IRQHandler
                0x080002a0                FMC_IRQHandler
                0x080002a0                DMA2_Stream6_IRQHandler
                0x080002a0                SAI1_IRQHandler
                0x080002a0                DMA1_Stream3_IRQHandler
 *fill*         0x080002a2        0x2 
 .text.HAL_InitTick
                0x080002a4       0x28 Drivers/STM32F4xx_HAL_Driver/stm32f4xx_hal.o
                0x080002a4                HAL_InitTick
 .text.HAL_Init
                0x080002cc       0x34 Drivers/STM32F4xx_HAL_Driver/stm32f4xx_hal.o
                0x080002cc                HAL_Init
 .text.HAL_IncTick
                0x08000300       0x10 Drivers/STM32F4xx_HAL_Driver/stm32f4xx_hal.o
                0x08000300                HAL_IncTick
 .text.HAL_GetTick
                0x08000310        0xc Drivers/STM32F4xx_HAL_Driver/stm32f4xx_hal.o
                0x08000310                HAL_GetTick
 .text.HAL_Delay
                0x0800031c       0x1a Drivers/STM32F4xx_HAL_Driver/stm32f4xx_hal.o
                0x0800031c                HAL_Delay
 *fill*         0x08000336        0x2 
 .text.HAL_NVIC_SetPriorityGrouping
                0x08000338       0x24 Drivers/STM32F4xx_HAL_Driver/stm32f4xx_hal_cortex.o
                0x08000338                HAL_NVIC_SetPriorityGrouping
 .text.HAL_NVIC_SetPriority
                0x0800035c       0x68 Drivers/STM32F4xx_HAL_Driver/stm32f4xx_hal_cortex.o
                0x0800035c                HAL_NVIC_SetPriority
 .text.HAL_SYSTICK_Config
                0x080003c4       0x2c Drivers/STM32F4xx_HAL_Driver/stm32f4xx_hal_cortex.o
                0x080003c4                HAL_SYSTICK_Config
 .text.HAL_SYSTICK_CLKSourceConfig
                0x080003f0       0x18 Drivers/STM32F4xx_HAL_Driver/stm32f4xx_hal_cortex.o
                0x080003f0                HAL_SYSTICK_CLKSourceConfig
 .text.HAL_SYSTICK_Callback
                0x08000408        0x2 Drivers/STM32F4xx_HAL_Driver/stm32f4xx_hal_cortex.o
                0x08000408                HAL_SYSTICK_Callback
 .text.HAL_SYSTICK_IRQHandler
                0x0800040a        0x8 Drivers/STM32F4xx_HAL_Driver/stm32f4xx_hal_cortex.o
                0x0800040a                HAL_SYSTICK_IRQHandler
 *fill*         0x08000412        0x2 
 .text.HAL_GPIO_Init
                0x08000414      0x1d8 Drivers/STM32F4xx_HAL_Driver/stm32f4xx_hal_gpio.o
                0x08000414                HAL_GPIO_Init
 .text.HAL_GPIO_WritePin
                0x080005ec        0x8 Drivers/STM32F4xx_HAL_Driver/stm32f4xx_hal_gpio.o
                0x080005ec                HAL_GPIO_WritePin
 .text.HAL_PWREx_EnableOverDrive
                0x080005f4       0x98 Drivers/STM32F4xx_HAL_Driver/stm32f4xx_hal_pwr_ex.o
                0x080005f4                HAL_PWREx_EnableOverDrive
 .text.HAL_RCC_OscConfig
                0x0800068c      0x31c Drivers/STM32F4xx_HAL_Driver/stm32f4xx_hal_rcc.o
                0x0800068c                HAL_RCC_OscConfig
 .text.HAL_RCC_GetSysClockFreq
                0x080009a8       0x7c Drivers/STM32F4xx_HAL_Driver/stm32f4xx_hal_rcc.o
                0x080009a8                HAL_RCC_GetSysClockFreq
 .text.HAL_RCC_ClockConfig
                0x08000a24      0x168 Drivers/STM32F4xx_HAL_Driver/stm32f4xx_hal_rcc.o
                0x08000a24                HAL_RCC_ClockConfig
 .text.HAL_RCC_GetHCLKFreq
                0x08000b8c        0xc Drivers/STM32F4xx_HAL_Driver/stm32f4xx_hal_rcc.o
                0x08000b8c                HAL_RCC_GetHCLKFreq
 .text.MX_GPIO_Init
                0x08000b98      0x384 Src/gpio.o
                0x08000b98                MX_GPIO_Init
 .text.SystemClock_Config
                0x08000f1c       0xb8 Src/main.o
                0x08000f1c                SystemClock_Config
 .text.startup.main
                0x08000fd4       0x3c Src/main.o
                0x08000fd4                main
 .text.HAL_MspInit
                0x08001010       0x60 Src/stm32f4xx_hal_msp.o
                0x08001010                HAL_MspInit
 .text.SysTick_Handler
                0x08001070        0xe Src/stm32f4xx_it.o
                0x08001070                SysTick_Handler
 *fill*         0x0800107e        0x2 
 .text.SystemInit
                0x08001080       0x4c Src/system_stm32f4xx.o
                0x08001080                SystemInit
 .text.__libc_init_array
                0x080010cc       0x4c c:/ac6/systemworkbench/plugins/fr.ac6.mcu.externaltools.arm-none.win32_1.7.0.201602121829/tools/compiler/bin/../lib/gcc/arm-none-eabi/5.2.1/../../../../arm-none-eabi/lib/armv7e-m/fpu\libc_nano.a(lib_a-init.o)
                0x080010cc                __libc_init_array
 *(.glue_7)
 .glue_7        0x08001118        0x0 linker stubs
 *(.glue_7t)
 .glue_7t       0x08001118        0x0 linker stubs
 *(.eh_frame)
 .eh_frame      0x08001118        0x0 c:/ac6/systemworkbench/plugins/fr.ac6.mcu.externaltools.arm-none.win32_1.7.0.201602121829/tools/compiler/bin/../lib/gcc/arm-none-eabi/5.2.1/armv7e-m/fpu/crtbegin.o
 *(.init)
 .init          0x08001118        0x4 c:/ac6/systemworkbench/plugins/fr.ac6.mcu.externaltools.arm-none.win32_1.7.0.201602121829/tools/compiler/bin/../lib/gcc/arm-none-eabi/5.2.1/armv7e-m/fpu/crti.o
                0x08001118                _init
 .init          0x0800111c        0x8 c:/ac6/systemworkbench/plugins/fr.ac6.mcu.externaltools.arm-none.win32_1.7.0.201602121829/tools/compiler/bin/../lib/gcc/arm-none-eabi/5.2.1/armv7e-m/fpu/crtn.o
 *(.fini)
 .fini          0x08001124        0x4 c:/ac6/systemworkbench/plugins/fr.ac6.mcu.externaltools.arm-none.win32_1.7.0.201602121829/tools/compiler/bin/../lib/gcc/arm-none-eabi/5.2.1/armv7e-m/fpu/crti.o
                0x08001124                _fini
 .fini          0x08001128        0x8 c:/ac6/systemworkbench/plugins/fr.ac6.mcu.externaltools.arm-none.win32_1.7.0.201602121829/tools/compiler/bin/../lib/gcc/arm-none-eabi/5.2.1/armv7e-m/fpu/crtn.o
                0x08001130                . = ALIGN (0x4)
                0x08001130                _etext = .

.vfp11_veneer   0x08001130        0x0
 .vfp11_veneer  0x08001130        0x0 linker stubs

.v4_bx          0x08001130        0x0
 .v4_bx         0x08001130        0x0 linker stubs

.iplt           0x08001130        0x0
 .iplt          0x08001130        0x0 c:/ac6/systemworkbench/plugins/fr.ac6.mcu.externaltools.arm-none.win32_1.7.0.201602121829/tools/compiler/bin/../lib/gcc/arm-none-eabi/5.2.1/armv7e-m/fpu/crtbegin.o

.rodata         0x08001130       0x10
                0x08001130                . = ALIGN (0x4)
 *(.rodata)
 .rodata        0x08001130       0x10 Drivers/STM32F4xx_HAL_Driver/stm32f4xx_hal_rcc.o
                0x08001130                APBAHBPrescTable
 *(.rodata*)
                0x08001140                . = ALIGN (0x4)

.rel.dyn        0x08001140        0x0
 .rel.iplt      0x08001140        0x0 c:/ac6/systemworkbench/plugins/fr.ac6.mcu.externaltools.arm-none.win32_1.7.0.201602121829/tools/compiler/bin/../lib/gcc/arm-none-eabi/5.2.1/armv7e-m/fpu/crtbegin.o

.ARM.extab
 *(.ARM.extab* .gnu.linkonce.armextab.*)

.ARM            0x08001140        0x0
                0x08001140                __exidx_start = .
 *(.ARM.exidx*)
                0x08001140                __exidx_end = .

.preinit_array  0x08001140        0x0
                0x08001140                PROVIDE (__preinit_array_start, .)
 *(.preinit_array*)
                0x08001140                PROVIDE (__preinit_array_end, .)

.init_array     0x08001140        0x4
                0x08001140                PROVIDE (__init_array_start, .)
 *(SORT(.init_array.*))
 *(.init_array*)
 .init_array    0x08001140        0x4 c:/ac6/systemworkbench/plugins/fr.ac6.mcu.externaltools.arm-none.win32_1.7.0.201602121829/tools/compiler/bin/../lib/gcc/arm-none-eabi/5.2.1/armv7e-m/fpu/crtbegin.o
                0x08001144                PROVIDE (__init_array_end, .)

.fini_array     0x08001144        0x4
                [!provide]                PROVIDE (__fini_array_start, .)
 *(SORT(.fini_array.*))
 *(.fini_array*)
 .fini_array    0x08001144        0x4 c:/ac6/systemworkbench/plugins/fr.ac6.mcu.externaltools.arm-none.win32_1.7.0.201602121829/tools/compiler/bin/../lib/gcc/arm-none-eabi/5.2.1/armv7e-m/fpu/crtbegin.o
                [!provide]                PROVIDE (__fini_array_end, .)
                0x08001148                _sidata = LOADADDR (.data)

.data           0x20000000        0x4 load address 0x08001148
                0x20000000                . = ALIGN (0x4)
                0x20000000                _sdata = .
 *(.data)
 .data          0x20000000        0x4 Src/system_stm32f4xx.o
                0x20000000                SystemCoreClock
 *(.data*)
                0x20000004                . = ALIGN (0x4)
                0x20000004                _edata = .
                0x0800114c                _siccmram = LOADADDR (.ccmram)

.jcr            0x20000004        0x0 load address 0x0800114c
 .jcr           0x20000004        0x0 c:/ac6/systemworkbench/plugins/fr.ac6.mcu.externaltools.arm-none.win32_1.7.0.201602121829/tools/compiler/bin/../lib/gcc/arm-none-eabi/5.2.1/armv7e-m/fpu/crtbegin.o

.tm_clone_table
                0x20000004        0x0 load address 0x0800114c
 .tm_clone_table
                0x20000004        0x0 c:/ac6/systemworkbench/plugins/fr.ac6.mcu.externaltools.arm-none.win32_1.7.0.201602121829/tools/compiler/bin/../lib/gcc/arm-none-eabi/5.2.1/armv7e-m/fpu/crtbegin.o
 .tm_clone_table
                0x20000004        0x0 c:/ac6/systemworkbench/plugins/fr.ac6.mcu.externaltools.arm-none.win32_1.7.0.201602121829/tools/compiler/bin/../lib/gcc/arm-none-eabi/5.2.1/armv7e-m/fpu/crtend.o

.igot.plt       0x20000004        0x0 load address 0x0800114c
 .igot.plt      0x20000004        0x0 c:/ac6/systemworkbench/plugins/fr.ac6.mcu.externaltools.arm-none.win32_1.7.0.201602121829/tools/compiler/bin/../lib/gcc/arm-none-eabi/5.2.1/armv7e-m/fpu/crtbegin.o

.ccmram         0x10000000        0x0 load address 0x0800114c
                0x10000000                . = ALIGN (0x4)
                0x10000000                _sccmram = .
 *(.ccmram)
 *(.ccmram*)
                0x10000000                . = ALIGN (0x4)
                0x10000000                _eccmram = .
                0x10000000                . = ALIGN (0x4)

.bss            0x20000004       0x20
                0x20000004                _sbss = .
                0x20000004                __bss_start__ = _sbss
 *(.bss)
 .bss           0x20000004       0x1c c:/ac6/systemworkbench/plugins/fr.ac6.mcu.externaltools.arm-none.win32_1.7.0.201602121829/tools/compiler/bin/../lib/gcc/arm-none-eabi/5.2.1/armv7e-m/fpu/crtbegin.o
 *(.bss*)
 *(COMMON)
 COMMON         0x20000020        0x4 Drivers/STM32F4xx_HAL_Driver/stm32f4xx_hal.o
                0x20000020                uwTick
                0x20000024                . = ALIGN (0x4)
                0x20000024                _ebss = .
                0x20000024                __bss_end__ = _ebss

._user_heap_stack
                0x20000024      0x604
                0x20000028                . = ALIGN (0x8)
 *fill*         0x20000024        0x4 
                [!provide]                PROVIDE (end, .)
                [!provide]                PROVIDE (_end, .)
                0x20000228                . = (. + _Min_Heap_Size)
 *fill*         0x20000028      0x200 
                0x20000628                . = (. + _Min_Stack_Size)
 *fill*         0x20000228      0x400 
                0x20000628                . = ALIGN (0x8)

/DISCARD/
 libc.a(*)
 libm.a(*)
 libgcc.a(*)

.ARM.attributes
                0x00000000       0x30
 *(.ARM.attributes)
 .ARM.attributes
                0x00000000       0x22 c:/ac6/systemworkbench/plugins/fr.ac6.mcu.externaltools.arm-none.win32_1.7.0.201602121829/tools/compiler/bin/../lib/gcc/arm-none-eabi/5.2.1/armv7e-m/fpu/crti.o
 .ARM.attributes
                0x00000022       0x34 c:/ac6/systemworkbench/plugins/fr.ac6.mcu.externaltools.arm-none.win32_1.7.0.201602121829/tools/compiler/bin/../lib/gcc/arm-none-eabi/5.2.1/armv7e-m/fpu/crtbegin.o
 .ARM.attributes
                0x00000056       0x21 Application/SW4STM32/startup_stm32f429xx.o
 .ARM.attributes
                0x00000077       0x39 Drivers/STM32F4xx_HAL_Driver/stm32f4xx_hal.o
 .ARM.attributes
                0x000000b0       0x39 Drivers/STM32F4xx_HAL_Driver/stm32f4xx_hal_cortex.o
 .ARM.attributes
                0x000000e9       0x39 Drivers/STM32F4xx_HAL_Driver/stm32f4xx_hal_gpio.o
 .ARM.attributes
                0x00000122       0x39 Drivers/STM32F4xx_HAL_Driver/stm32f4xx_hal_pwr_ex.o
 .ARM.attributes
                0x0000015b       0x39 Drivers/STM32F4xx_HAL_Driver/stm32f4xx_hal_rcc.o
 .ARM.attributes
                0x00000194       0x39 Src/gpio.o
 .ARM.attributes
                0x000001cd       0x39 Src/main.o
 .ARM.attributes
                0x00000206       0x39 Src/stm32f4xx_hal_msp.o
 .ARM.attributes
                0x0000023f       0x39 Src/stm32f4xx_it.o
 .ARM.attributes
                0x00000278       0x39 Src/system_stm32f4xx.o
 .ARM.attributes
                0x000002b1       0x34 c:/ac6/systemworkbench/plugins/fr.ac6.mcu.externaltools.arm-none.win32_1.7.0.201602121829/tools/compiler/bin/../lib/gcc/arm-none-eabi/5.2.1/../../../../arm-none-eabi/lib/armv7e-m/fpu\libc_nano.a(lib_a-init.o)
 .ARM.attributes
                0x000002e5       0x34 c:/ac6/systemworkbench/plugins/fr.ac6.mcu.externaltools.arm-none.win32_1.7.0.201602121829/tools/compiler/bin/../lib/gcc/arm-none-eabi/5.2.1/armv7e-m/fpu/crtend.o
 .ARM.attributes
                0x00000319       0x22 c:/ac6/systemworkbench/plugins/fr.ac6.mcu.externaltools.arm-none.win32_1.7.0.201602121829/tools/compiler/bin/../lib/gcc/arm-none-eabi/5.2.1/armv7e-m/fpu/crtn.o
OUTPUT(Led.elf elf32-littlearm)

.debug_line     0x00000000     0x57f0
 .debug_line    0x00000000       0xe8 Application/SW4STM32/startup_stm32f429xx.o
 .debug_line    0x000000e8      0x960 Drivers/STM32F4xx_HAL_Driver/stm32f4xx_hal.o
 .debug_line    0x00000a48      0x9a1 Drivers/STM32F4xx_HAL_Driver/stm32f4xx_hal_cortex.o
 .debug_line    0x000013e9      0x989 Drivers/STM32F4xx_HAL_Driver/stm32f4xx_hal_gpio.o
 .debug_line    0x00001d72      0x914 Drivers/STM32F4xx_HAL_Driver/stm32f4xx_hal_pwr_ex.o
 .debug_line    0x00002686      0xada Drivers/STM32F4xx_HAL_Driver/stm32f4xx_hal_rcc.o
 .debug_line    0x00003160      0x86d Src/gpio.o
 .debug_line    0x000039cd      0x7b3 Src/main.o
 .debug_line    0x00004180      0x76b Src/stm32f4xx_hal_msp.o
 .debug_line    0x000048eb      0x771 Src/stm32f4xx_it.o
 .debug_line    0x0000505c      0x794 Src/system_stm32f4xx.o

.debug_info     0x00000000     0x51a3
 .debug_info    0x00000000       0xd3 Application/SW4STM32/startup_stm32f429xx.o
 .debug_info    0x000000d3      0x9aa Drivers/STM32F4xx_HAL_Driver/stm32f4xx_hal.o
 .debug_info    0x00000a7d      0xe9a Drivers/STM32F4xx_HAL_Driver/stm32f4xx_hal_cortex.o
 .debug_info    0x00001917      0x73b Drivers/STM32F4xx_HAL_Driver/stm32f4xx_hal_gpio.o
 .debug_info    0x00002052      0x931 Drivers/STM32F4xx_HAL_Driver/stm32f4xx_hal_pwr_ex.o
 .debug_info    0x00002983      0xc9c Drivers/STM32F4xx_HAL_Driver/stm32f4xx_hal_rcc.o
 .debug_info    0x0000361f      0x84c Src/gpio.o
 .debug_info    0x00003e6b      0x939 Src/main.o
 .debug_info    0x000047a4      0x424 Src/stm32f4xx_hal_msp.o
 .debug_info    0x00004bc8       0xeb Src/stm32f4xx_it.o
 .debug_info    0x00004cb3      0x4f0 Src/system_stm32f4xx.o

.debug_abbrev   0x00000000     0x1219
 .debug_abbrev  0x00000000       0x12 Application/SW4STM32/startup_stm32f429xx.o
 .debug_abbrev  0x00000012      0x247 Drivers/STM32F4xx_HAL_Driver/stm32f4xx_hal.o
 .debug_abbrev  0x00000259      0x332 Drivers/STM32F4xx_HAL_Driver/stm32f4xx_hal_cortex.o
 .debug_abbrev  0x0000058b      0x1cb Drivers/STM32F4xx_HAL_Driver/stm32f4xx_hal_gpio.o
 .debug_abbrev  0x00000756      0x231 Drivers/STM32F4xx_HAL_Driver/stm32f4xx_hal_pwr_ex.o
 .debug_abbrev  0x00000987      0x321 Drivers/STM32F4xx_HAL_Driver/stm32f4xx_hal_rcc.o
 .debug_abbrev  0x00000ca8      0x151 Src/gpio.o
 .debug_abbrev  0x00000df9      0x1b0 Src/main.o
 .debug_abbrev  0x00000fa9       0xc5 Src/stm32f4xx_hal_msp.o
 .debug_abbrev  0x0000106e       0xa7 Src/stm32f4xx_it.o
 .debug_abbrev  0x00001115      0x104 Src/system_stm32f4xx.o

.debug_aranges  0x00000000      0x378
 .debug_aranges
                0x00000000       0x28 Application/SW4STM32/startup_stm32f429xx.o
 .debug_aranges
                0x00000028       0xc8 Drivers/STM32F4xx_HAL_Driver/stm32f4xx_hal.o
 .debug_aranges
                0x000000f0       0x98 Drivers/STM32F4xx_HAL_Driver/stm32f4xx_hal_cortex.o
 .debug_aranges
                0x00000188       0x58 Drivers/STM32F4xx_HAL_Driver/stm32f4xx_hal_gpio.o
 .debug_aranges
                0x000001e0       0x60 Drivers/STM32F4xx_HAL_Driver/stm32f4xx_hal_pwr_ex.o
 .debug_aranges
                0x00000240       0x80 Drivers/STM32F4xx_HAL_Driver/stm32f4xx_hal_rcc.o
 .debug_aranges
                0x000002c0       0x20 Src/gpio.o
 .debug_aranges
                0x000002e0       0x30 Src/main.o
 .debug_aranges
                0x00000310       0x20 Src/stm32f4xx_hal_msp.o
 .debug_aranges
                0x00000330       0x20 Src/stm32f4xx_it.o
 .debug_aranges
                0x00000350       0x28 Src/system_stm32f4xx.o

.debug_ranges   0x00000000      0x500
 .debug_ranges  0x00000000       0x20 Application/SW4STM32/startup_stm32f429xx.o
 .debug_ranges  0x00000020       0xb8 Drivers/STM32F4xx_HAL_Driver/stm32f4xx_hal.o
 .debug_ranges  0x000000d8      0x148 Drivers/STM32F4xx_HAL_Driver/stm32f4xx_hal_cortex.o
 .debug_ranges  0x00000220       0x70 Drivers/STM32F4xx_HAL_Driver/stm32f4xx_hal_gpio.o
 .debug_ranges  0x00000290       0x80 Drivers/STM32F4xx_HAL_Driver/stm32f4xx_hal_pwr_ex.o
 .debug_ranges  0x00000310      0x150 Drivers/STM32F4xx_HAL_Driver/stm32f4xx_hal_rcc.o
 .debug_ranges  0x00000460       0x48 Src/gpio.o
 .debug_ranges  0x000004a8       0x20 Src/main.o
 .debug_ranges  0x000004c8       0x10 Src/stm32f4xx_hal_msp.o
 .debug_ranges  0x000004d8       0x10 Src/stm32f4xx_it.o
 .debug_ranges  0x000004e8       0x18 Src/system_stm32f4xx.o

.debug_loc      0x00000000     0x109a
 .debug_loc     0x00000000       0xbe Drivers/STM32F4xx_HAL_Driver/stm32f4xx_hal.o
 .debug_loc     0x000000be      0x4ab Drivers/STM32F4xx_HAL_Driver/stm32f4xx_hal_cortex.o
 .debug_loc     0x00000569      0x374 Drivers/STM32F4xx_HAL_Driver/stm32f4xx_hal_gpio.o
 .debug_loc     0x000008dd      0x261 Drivers/STM32F4xx_HAL_Driver/stm32f4xx_hal_pwr_ex.o
 .debug_loc     0x00000b3e      0x485 Drivers/STM32F4xx_HAL_Driver/stm32f4xx_hal_rcc.o
 .debug_loc     0x00000fc3       0xd7 Src/system_stm32f4xx.o

.debug_macro    0x00000000    0x22391
 .debug_macro   0x00000000      0x31b Drivers/STM32F4xx_HAL_Driver/stm32f4xx_hal.o
 .debug_macro   0x0000031b      0x89e Drivers/STM32F4xx_HAL_Driver/stm32f4xx_hal.o
 .debug_macro   0x00000bb9      0x4a2 Drivers/STM32F4xx_HAL_Driver/stm32f4xx_hal.o
 .debug_macro   0x0000105b      0x173 Drivers/STM32F4xx_HAL_Driver/stm32f4xx_hal.o
 .debug_macro   0x000011ce       0x33 Drivers/STM32F4xx_HAL_Driver/stm32f4xx_hal.o
 .debug_macro   0x00001201       0x28 Drivers/STM32F4xx_HAL_Driver/stm32f4xx_hal.o
 .debug_macro   0x00001229       0x22 Drivers/STM32F4xx_HAL_Driver/stm32f4xx_hal.o
 .debug_macro   0x0000124b       0x44 Drivers/STM32F4xx_HAL_Driver/stm32f4xx_hal.o
 .debug_macro   0x0000128f       0xfd Drivers/STM32F4xx_HAL_Driver/stm32f4xx_hal.o
 .debug_macro   0x0000138c       0x22 Drivers/STM32F4xx_HAL_Driver/stm32f4xx_hal.o
 .debug_macro   0x000013ae      0x1df Drivers/STM32F4xx_HAL_Driver/stm32f4xx_hal.o
 .debug_macro   0x0000158d       0x35 Drivers/STM32F4xx_HAL_Driver/stm32f4xx_hal.o
 .debug_macro   0x000015c2       0x50 Drivers/STM32F4xx_HAL_Driver/stm32f4xx_hal.o
 .debug_macro   0x00001612      0xe66 Drivers/STM32F4xx_HAL_Driver/stm32f4xx_hal.o
 .debug_macro   0x00002478    0x17dd7 Drivers/STM32F4xx_HAL_Driver/stm32f4xx_hal.o
 .debug_macro   0x0001a24f       0x43 Drivers/STM32F4xx_HAL_Driver/stm32f4xx_hal.o
 .debug_macro   0x0001a292     0x34ef Drivers/STM32F4xx_HAL_Driver/stm32f4xx_hal.o
 .debug_macro   0x0001d781       0x58 Drivers/STM32F4xx_HAL_Driver/stm32f4xx_hal.o
 .debug_macro   0x0001d7d9       0x35 Drivers/STM32F4xx_HAL_Driver/stm32f4xx_hal.o
 .debug_macro   0x0001d80e       0x9c Drivers/STM32F4xx_HAL_Driver/stm32f4xx_hal.o
 .debug_macro   0x0001d8aa       0x16 Drivers/STM32F4xx_HAL_Driver/stm32f4xx_hal.o
 .debug_macro   0x0001d8c0       0x97 Drivers/STM32F4xx_HAL_Driver/stm32f4xx_hal.o
 .debug_macro   0x0001d957      0x329 Drivers/STM32F4xx_HAL_Driver/stm32f4xx_hal.o
 .debug_macro   0x0001dc80       0xfd Drivers/STM32F4xx_HAL_Driver/stm32f4xx_hal.o
 .debug_macro   0x0001dd7d       0x10 Drivers/STM32F4xx_HAL_Driver/stm32f4xx_hal.o
 .debug_macro   0x0001dd8d       0x52 Drivers/STM32F4xx_HAL_Driver/stm32f4xx_hal.o
 .debug_macro   0x0001dddf       0x16 Drivers/STM32F4xx_HAL_Driver/stm32f4xx_hal.o
 .debug_macro   0x0001ddf5       0x43 Drivers/STM32F4xx_HAL_Driver/stm32f4xx_hal.o
 .debug_macro   0x0001de38      0x187 Drivers/STM32F4xx_HAL_Driver/stm32f4xx_hal.o
 .debug_macro   0x0001dfbf       0x10 Drivers/STM32F4xx_HAL_Driver/stm32f4xx_hal.o
 .debug_macro   0x0001dfcf       0x22 Drivers/STM32F4xx_HAL_Driver/stm32f4xx_hal.o
 .debug_macro   0x0001dff1       0x3a Drivers/STM32F4xx_HAL_Driver/stm32f4xx_hal.o
 .debug_macro   0x0001e02b       0x10 Drivers/STM32F4xx_HAL_Driver/stm32f4xx_hal.o
 .debug_macro   0x0001e03b       0x40 Drivers/STM32F4xx_HAL_Driver/stm32f4xx_hal.o
 .debug_macro   0x0001e07b       0x65 Drivers/STM32F4xx_HAL_Driver/stm32f4xx_hal.o
 .debug_macro   0x0001e0e0       0x16 Drivers/STM32F4xx_HAL_Driver/stm32f4xx_hal.o
 .debug_macro   0x0001e0f6      0x197 Drivers/STM32F4xx_HAL_Driver/stm32f4xx_hal.o
 .debug_macro   0x0001e28d       0x50 Drivers/STM32F4xx_HAL_Driver/stm32f4xx_hal.o
 .debug_macro   0x0001e2dd      0xc9e Drivers/STM32F4xx_HAL_Driver/stm32f4xx_hal.o
 .debug_macro   0x0001ef7b      0x9e1 Drivers/STM32F4xx_HAL_Driver/stm32f4xx_hal.o
 .debug_macro   0x0001f95c      0x11e Drivers/STM32F4xx_HAL_Driver/stm32f4xx_hal.o
 .debug_macro   0x0001fa7a      0x161 Drivers/STM32F4xx_HAL_Driver/stm32f4xx_hal.o
 .debug_macro   0x0001fbdb       0x27 Drivers/STM32F4xx_HAL_Driver/stm32f4xx_hal.o
 .debug_macro   0x0001fc02      0x287 Drivers/STM32F4xx_HAL_Driver/stm32f4xx_hal.o
 .debug_macro   0x0001fe89       0x5f Drivers/STM32F4xx_HAL_Driver/stm32f4xx_hal.o
 .debug_macro   0x0001fee8      0x23a Drivers/STM32F4xx_HAL_Driver/stm32f4xx_hal.o
 .debug_macro   0x00020122      0x13a Drivers/STM32F4xx_HAL_Driver/stm32f4xx_hal.o
 .debug_macro   0x0002025c      0x41d Drivers/STM32F4xx_HAL_Driver/stm32f4xx_hal.o
 .debug_macro   0x00020679       0x2e Drivers/STM32F4xx_HAL_Driver/stm32f4xx_hal.o
 .debug_macro   0x000206a7      0x11e Drivers/STM32F4xx_HAL_Driver/stm32f4xx_hal.o
 .debug_macro   0x000207c5       0xe2 Drivers/STM32F4xx_HAL_Driver/stm32f4xx_hal.o
 .debug_macro   0x000208a7       0x89 Drivers/STM32F4xx_HAL_Driver/stm32f4xx_hal.o
 .debug_macro   0x00020930      0x12c Drivers/STM32F4xx_HAL_Driver/stm32f4xx_hal.o
 .debug_macro   0x00020a5c      0x2bb Drivers/STM32F4xx_HAL_Driver/stm32f4xx_hal_cortex.o
 .debug_macro   0x00020d17      0x2f3 Drivers/STM32F4xx_HAL_Driver/stm32f4xx_hal_gpio.o
 .debug_macro   0x0002100a      0x2d3 Drivers/STM32F4xx_HAL_Driver/stm32f4xx_hal_pwr_ex.o
 .debug_macro   0x000212dd      0x2e5 Drivers/STM32F4xx_HAL_Driver/stm32f4xx_hal_rcc.o
 .debug_macro   0x000215c2      0x2c5 Src/gpio.o
 .debug_macro   0x00021887      0x2c9 Src/main.o
 .debug_macro   0x00021b50      0x2bb Src/stm32f4xx_hal_msp.o
 .debug_macro   0x00021e0b      0x2c5 Src/stm32f4xx_it.o
 .debug_macro   0x000220d0      0x2c1 Src/system_stm32f4xx.o

.debug_str      0x00000000    0xc86f6
 .debug_str     0x00000000    0xc7994 Drivers/STM32F4xx_HAL_Driver/stm32f4xx_hal.o
                              0xc7d0f (size before relaxing)
 .debug_str     0x000c7994      0x3d3 Drivers/STM32F4xx_HAL_Driver/stm32f4xx_hal_cortex.o
                              0xc7a66 (size before relaxing)
 .debug_str     0x000c7d67      0x32c Drivers/STM32F4xx_HAL_Driver/stm32f4xx_hal_gpio.o
                              0xc744d (size before relaxing)
 .debug_str     0x000c8093      0x187 Drivers/STM32F4xx_HAL_Driver/stm32f4xx_hal_pwr_ex.o
                              0xc73bd (size before relaxing)
 .debug_str     0x000c821a      0x3bc Drivers/STM32F4xx_HAL_Driver/stm32f4xx_hal_rcc.o
                              0xc75dc (size before relaxing)
 .debug_str     0x000c85d6       0x25 Src/gpio.o
                              0xc7199 (size before relaxing)
 .debug_str     0x000c85fb       0x34 Src/main.o
                              0xc78a5 (size before relaxing)
 .debug_str     0x000c862f       0x27 Src/stm32f4xx_hal_msp.o
                              0xc752c (size before relaxing)
 .debug_str     0x000c8656       0x38 Src/stm32f4xx_it.o
                              0xc6fd6 (size before relaxing)
 .debug_str     0x000c868e       0x68 Src/system_stm32f4xx.o
                              0xc719b (size before relaxing)

.comment        0x00000000       0x6e
 .comment       0x00000000       0x6e Drivers/STM32F4xx_HAL_Driver/stm32f4xx_hal.o
                                 0x6f (size before relaxing)
 .comment       0x0000006e       0x6f Drivers/STM32F4xx_HAL_Driver/stm32f4xx_hal_cortex.o
 .comment       0x0000006e       0x6f Drivers/STM32F4xx_HAL_Driver/stm32f4xx_hal_gpio.o
 .comment       0x0000006e       0x6f Drivers/STM32F4xx_HAL_Driver/stm32f4xx_hal_pwr_ex.o
 .comment       0x0000006e       0x6f Drivers/STM32F4xx_HAL_Driver/stm32f4xx_hal_rcc.o
 .comment       0x0000006e       0x6f Src/gpio.o
 .comment       0x0000006e       0x6f Src/main.o
 .comment       0x0000006e       0x6f Src/stm32f4xx_hal_msp.o
 .comment       0x0000006e       0x6f Src/stm32f4xx_it.o
 .comment       0x0000006e       0x6f Src/system_stm32f4xx.o

.debug_frame    0x00000000      0x72c
 .debug_frame   0x00000000      0x1a4 Drivers/STM32F4xx_HAL_Driver/stm32f4xx_hal.o
 .debug_frame   0x000001a4      0x130 Drivers/STM32F4xx_HAL_Driver/stm32f4xx_hal_cortex.o
 .debug_frame   0x000002d4       0xd4 Drivers/STM32F4xx_HAL_Driver/stm32f4xx_hal_gpio.o
 .debug_frame   0x000003a8      0x100 Drivers/STM32F4xx_HAL_Driver/stm32f4xx_hal_pwr_ex.o
 .debug_frame   0x000004a8      0x138 Drivers/STM32F4xx_HAL_Driver/stm32f4xx_hal_rcc.o
 .debug_frame   0x000005e0       0x40 Src/gpio.o
 .debug_frame   0x00000620       0x58 Src/main.o
 .debug_frame   0x00000678       0x2c Src/stm32f4xx_hal_msp.o
 .debug_frame   0x000006a4       0x2c Src/stm32f4xx_it.o
 .debug_frame   0x000006d0       0x30 Src/system_stm32f4xx.o
 .debug_frame   0x00000700       0x2c c:/ac6/systemworkbench/plugins/fr.ac6.mcu.externaltools.arm-none.win32_1.7.0.201602121829/tools/compiler/bin/../lib/gcc/arm-none-eabi/5.2.1/../../../../arm-none-eabi/lib/armv7e-m/fpu\libc_nano.a(lib_a-init.o)
